  15 alp And - Alpheratz, Sirrah
  21 bet Cas - Caph
  39 gam Peg - Algenib 
 168 alp Cas - Schedar, Shedir 
 264 gam Cas - Tsih, Cih
 337 bet And - Mirach
 403 del Cas - Ruchbah, Rukbah 
 553 bet Ari - Sheratan 
 603 gam And - Almach
 617 alp Ari - Hamal 
 911 alp Cet - Menkar, Menkab
 915 gam Per - 
 936 bet Per - Algol 
1017 alp Per - Mirfak, Marfak
1165 eta Tau - Alcyone 
1203 zet Per - 
1220 eps Per - 
1457 alp Tau - Aldebaran
1577 iot Aur - Al Khabdhilinan
1708 alp Aur - Capella 
1790 gam Ori - Bellatrix
1791 bet Tau - El Nath 
2061 alp Ori - Betelgeuse 
2088 bet Aur - Menkalinan 
2095 the Aur - 
2286 mu  Gem - Tejat posterior 
2421 gam Gem - Almeisan, Alhena
2845 bet CMi - Gomeisa 
2890 alp Gem - Castor
2943 alp CMi - Procyon 
2990 bet Gem - Pollux
3873 eps Leo - Ras Elased 
3982 alp Leo - Regulus, Cor Leonis 
4057 gam Leo - Al Gieba
4295 bet UMa - Merak, Mirak 
4301 alp UMa - Dubhe, Dubh, Dubb
4357 del Leo - Zozma 
4534 bet Leo - Denebola 
4554 gam UMa - Phad, Phecda 
4905 eps UMa - Alioth
4915 alp2CVn - 
4932 eps Vir - Vindemiatrix 
5054 zet UMa - Mizar 
5191 eta UMa - Alkaid, Benetnasch
5235 eta Boo - Muphrid 
5340 alp Boo - Arcturus 
5506 eps Boo - Mirak, Izar, Pulcherrima
5793 alp CrB - Gemma, Alphecca
5854 alp Ser - Unuk Al Hay, Unukalhai 
6132 eta Dra - 
6148 bet Her - Kornephoros
6212 zet Her - 
6536 bet Dra - Rastaban 
6556 alp Oph - Ras Alhague
6603 bet Oph - Cheleb, Celbalrai 
6705 gam Dra - Eltanin 
7001 alp Lyr - Vega
7235 zet Aql - 
7525 gam Aql - Tarazed 
7528 del Cyg - 
7557 alp Aql - Altair
7796 gam Cyg - Sadr
7924 alp Cyg - Deneb 
7949 eps Cyg - Gienah
8162 alp Cep - Alderamin
8308 eps Peg - Enif
8650 eta Peg - Matar 
8775 bet Peg - Scheat
8781 alp Peg - Markab, Marchab 
